// Jest Snapshot v1, https://goo.gl/fbAQLP

exports[`Award should be rendered 1`] = `
.c1 {
  display: inline-block;
  background-image: url(/images/play-store2x.png);
  background-position: left top;
  background-repeat: no-repeat;
  font-family: sans-serif;
  font-weight: bold;
  color: #3a3a3acc;
}

.c2 {
  display: inline-block;
  background-image: url(/images/badge-apple4x.png);
  background-position: left top;
  background-repeat: no-repeat;
  font-family: sans-serif;
  font-weight: bold;
  color: #3a3a3acc;
}

@media screen and (min-width:1142px) {
  .c1 {
    margin-right: 39px;
    padding: 5px 0px 5px 62px;
    background-size: 54px 54px;
    font-size: 14px;
    line-height: 22px;
  }
}

@media screen and (max-width:1141px) {
  .c1 {
    padding: 4px 0px 4px 45px;
    background-size: 39px 39px;
    font-size: 10px;
    line-height: 15px;
  }

  .c1:first-child {
    margin-right: 28.5px;
  }
}

@media screen and (min-width:1142px) {
  .c2 {
    margin-right: 39px;
    padding: 5px 0px 5px 62px;
    background-size: 54px 54px;
    font-size: 14px;
    line-height: 22px;
  }
}

@media screen and (max-width:1141px) {
  .c2 {
    padding: 4px 0px 4px 45px;
    background-size: 39px 39px;
    font-size: 10px;
    line-height: 15px;
  }

  .c2:first-child {
    margin-right: 28.5px;
  }
}

@media screen and (min-width:1142px) {
  .c0 {
    margin: 50px 0px 140px 623px;
  }
}

@media screen and (max-width:1141px) {
  .c0 {
    width: 300px;
    margin: 50px auto 80px;
  }
}

<div>
  <ul
    class="c0"
  >
    <li
      class="c1"
      src="/images/play-store2x.png"
    >
      2018 구글 플레이스토어
      <br />
      올해의 앱 최우수상 수상
    </li>
    <li
      class="c2"
      src="/images/badge-apple4x.png"
    >
      2018 애플 앱스토어
      <br />
      오늘의 여행앱 선정
    </li>
  </ul>
</div>
`;
